cargo : warning: value assigned to `furthest_pos` is never read
At line:1 char:24
+ ... ACKTRACE=0; cargo test test_suggest_a_and_b -- --nocapture 2>&1 | Tee 
...
+                 ~~~~~~~~~~~~~~~~~~~~~~~~~~~~~~~~~~~~~~~~~~~~~~~~~~~
    + CategoryInfo          : NotSpecified: (warning: value ...` is never r 
   ead:String) [], RemoteException
    + FullyQualifiedErrorId : NativeCommandError
 
    --> src\lib.rs:1948:25
     |
1948 |                         furthest_pos = input.position;
     |                         ^^^^^^^^^^^^^^^^^^^^^^^^^^^^^
...
2019 | impl_choice_tuple!(0: P0);
     | ------------------------- in this macro invocation
     |
     = help: maybe it is overwritten before being read?
     = note: `#[warn(unused_assignments)]` (part of `#[warn(unused)]`) on 
by default
     = note: this warning originates in the macro `impl_choice_tuple` (in 
Nightly builds, run with -Z macro-backtrace for more info)

warning: value assigned to `furthest_pos` is never read
    --> src\lib.rs:1948:25
     |
1948 |                         furthest_pos = input.position;
     |                         ^^^^^^^^^^^^^^^^^^^^^^^^^^^^^
...
2020 | impl_choice_tuple!(0: P0, 1: P1);
     | -------------------------------- in this macro invocation
     |
     = help: maybe it is overwritten before being read?
     = note: this warning originates in the macro `impl_choice_tuple` (in 
Nightly builds, run with -Z macro-backtrace for more info)

warning: value assigned to `furthest_pos` is never read
    --> src\lib.rs:1948:25
     |
1948 |                         furthest_pos = input.position;
     |                         ^^^^^^^^^^^^^^^^^^^^^^^^^^^^^
...
2021 | impl_choice_tuple!(0: P0, 1: P1, 2: P2);
     | --------------------------------------- in this macro invocation
     |
     = help: maybe it is overwritten before being read?
     = note: this warning originates in the macro `impl_choice_tuple` (in 
Nightly builds, run with -Z macro-backtrace for more info)

warning: value assigned to `furthest_pos` is never read
    --> src\lib.rs:1948:25
     |
1948 |                         furthest_pos = input.position;
     |                         ^^^^^^^^^^^^^^^^^^^^^^^^^^^^^
...
2022 | impl_choice_tuple!(0: P0, 1: P1, 2: P2, 3: P3);
     | ---------------------------------------------- in this macro 
invocation
     |
     = help: maybe it is overwritten before being read?
     = note: this warning originates in the macro `impl_choice_tuple` (in 
Nightly builds, run with -Z macro-backtrace for more info)

warning: value assigned to `furthest_pos` is never read
    --> src\lib.rs:1948:25
     |
1948 |                         furthest_pos = input.position;
     |                         ^^^^^^^^^^^^^^^^^^^^^^^^^^^^^
...
2023 | impl_choice_tuple!(0: P0, 1: P1, 2: P2, 3: P3, 4: P4);
     | ----------------------------------------------------- in this macro 
invocation
     |
     = help: maybe it is overwritten before being read?
     = note: this warning originates in the macro `impl_choice_tuple` (in 
Nightly builds, run with -Z macro-backtrace for more info)

warning: value assigned to `furthest_pos` is never read
    --> src\lib.rs:1948:25
     |
1948 |                         furthest_pos = input.position;
     |                         ^^^^^^^^^^^^^^^^^^^^^^^^^^^^^
...
2024 | impl_choice_tuple!(0: P0, 1: P1, 2: P2, 3: P3, 4: P4, 5: P5);
     | ------------------------------------------------------------ in this 
macro invocation
     |
     = help: maybe it is overwritten before being read?
     = note: this warning originates in the macro `impl_choice_tuple` (in 
Nightly builds, run with -Z macro-backtrace for more info)

warning: value assigned to `furthest_pos` is never read
    --> src\lib.rs:1948:25
     |
1948 |                         furthest_pos = input.position;
     |                         ^^^^^^^^^^^^^^^^^^^^^^^^^^^^^
...
2025 | impl_choice_tuple!(0: P0, 1: P1, 2: P2, 3: P3, 4: P4, 5: P5, 6: P6);
     | ------------------------------------------------------------------- 
in this macro invocation
     |
     = help: maybe it is overwritten before being read?
     = note: this warning originates in the macro `impl_choice_tuple` (in 
Nightly builds, run with -Z macro-backtrace for more info)

warning: value assigned to `furthest_pos` is never read
    --> src\lib.rs:1948:25
     |
1948 |                         furthest_pos = input.position;
     |                         ^^^^^^^^^^^^^^^^^^^^^^^^^^^^^
...
2026 | impl_choice_tuple!(0: P0, 1: P1, 2: P2, 3: P3, 4: P4, 5: P5, 6: P6, 
7: P7);
     | 
-------------------------------------------------------------------------- 
in this macro invocation
     |
     = help: maybe it is overwritten before being read?
     = note: this warning originates in the macro `impl_choice_tuple` (in 
Nightly builds, run with -Z macro-backtrace for more info)

warning: value assigned to `furthest_pos` is never read
    --> src\lib.rs:1948:25
     |
1948 |                         furthest_pos = input.position;
     |                         ^^^^^^^^^^^^^^^^^^^^^^^^^^^^^
...
2027 | impl_choice_tuple!(0: P0, 1: P1, 2: P2, 3: P3, 4: P4, 5: P5, 6: P6, 
7: P7, 8: P8);
     | ---------------------------------------------------------------------
------------ in this macro invocation
     |
     = help: maybe it is overwritten before being read?
     = note: this warning originates in the macro `impl_choice_tuple` (in 
Nightly builds, run with -Z macro-backtrace for more info)

warning: value assigned to `furthest_pos` is never read
    --> src\lib.rs:1948:25
     |
1948 |                         furthest_pos = input.position;
     |                         ^^^^^^^^^^^^^^^^^^^^^^^^^^^^^
...
2028 | impl_choice_tuple!(0: P0, 1: P1, 2: P2, 3: P3, 4: P4, 5: P5, 6: P6, 
7: P7, 8: P8, 9: P9);
     | ---------------------------------------------------------------------
------------------- in this macro invocation
     |
     = help: maybe it is overwritten before being read?
     = note: this warning originates in the macro `impl_choice_tuple` (in 
Nightly builds, run with -Z macro-backtrace for more info)

warning: value assigned to `furthest_pos` is never read
    --> src\lib.rs:1948:25
     |
1948 |                         furthest_pos = input.position;
     |                         ^^^^^^^^^^^^^^^^^^^^^^^^^^^^^
...
2029 | impl_choice_tuple!(0: P0, 1: P1, 2: P2, 3: P3, 4: P4, 5: P5, 6: P6, 
7: P7, 8: P8, 9: P9, 10: P10);
     | ---------------------------------------------------------------------
---------------------------- in this macro invocation
     |
     = help: maybe it is overwritten before being read?
     = note: this warning originates in the macro `impl_choice_tuple` (in 
Nightly builds, run with -Z macro-backtrace for more info)

warning: value assigned to `furthest_pos` is never read
    --> src\lib.rs:1948:25
     |
1948 |                         furthest_pos = input.position;
     |                         ^^^^^^^^^^^^^^^^^^^^^^^^^^^^^
...
2030 | impl_choice_tuple!(0: P0, 1: P1, 2: P2, 3: P3, 4: P4, 5: P5, 6: P6, 
7: P7, 8: P8, 9: P9, 10: P10, 11: P11);
     | ---------------------------------------------------------------------
------------------------------------- in this macro invocation
     |
     = help: maybe it is overwritten before being read?
     = note: this warning originates in the macro `impl_choice_tuple` (in 
Nightly builds, run with -Z macro-backtrace for more info)

warning: value assigned to `furthest_pos` is never read
    --> src\lib.rs:1948:25
     |
1948 |                         furthest_pos = input.position;
     |                         ^^^^^^^^^^^^^^^^^^^^^^^^^^^^^
...
2031 | impl_choice_tuple!(0: P0, 1: P1, 2: P2, 3: P3, 4: P4, 5: P5, 6: P6, 
7: P7, 8: P8, 9: P9, 10: P10, 11: P11, 12: P12);
     | ---------------------------------------------------------------------
---------------------------------------------- in this macro invocation
     |
     = help: maybe it is overwritten before being read?
     = note: this warning originates in the macro `impl_choice_tuple` (in 
Nightly builds, run with -Z macro-backtrace for more info)

warning: value assigned to `furthest_pos` is never read
    --> src\lib.rs:1948:25
     |
1948 |                         furthest_pos = input.position;
     |                         ^^^^^^^^^^^^^^^^^^^^^^^^^^^^^
...
2032 | impl_choice_tuple!(0: P0, 1: P1, 2: P2, 3: P3, 4: P4, 5: P5, 6: P6, 
7: P7, 8: P8, 9: P9, 10: P10, 11: P11, 12: P12, 13: P13);
     | ---------------------------------------------------------------------
------------------------------------------------------- in this macro 
invocation
     |
     = help: maybe it is overwritten before being read?
     = note: this warning originates in the macro `impl_choice_tuple` (in 
Nightly builds, run with -Z macro-backtrace for more info)

warning: value assigned to `furthest_pos` is never read
    --> src\lib.rs:1948:25
     |
1948 |                         furthest_pos = input.position;
     |                         ^^^^^^^^^^^^^^^^^^^^^^^^^^^^^
...
2033 | impl_choice_tuple!(0: P0, 1: P1, 2: P2, 3: P3, 4: P4, 5: P5, 6: P6, 
7: P7, 8: P8, 9: P9, 10: P10, 11: P11, 12: P12, 13: P13, 14: P14);
     | ---------------------------------------------------------------------
---------------------------------------------------------------- in this 
macro invocation
     |
     = help: maybe it is overwritten before being read?
     = note: this warning originates in the macro `impl_choice_tuple` (in 
Nightly builds, run with -Z macro-backtrace for more info)

warning: value assigned to `furthest_pos` is never read
    --> src\lib.rs:1948:25
     |
1948 |                         furthest_pos = input.position;
     |                         ^^^^^^^^^^^^^^^^^^^^^^^^^^^^^
...
2034 | impl_choice_tuple!(0: P0, 1: P1, 2: P2, 3: P3, 4: P4, 5: P5, 6: P6, 
7: P7, 8: P8, 9: P9, 10: P10, 11: P11, 12: P12, 13: P13, 14: P14, 15: P15);
     | ---------------------------------------------------------------------
------------------------------------------------------------------------- 
in this macro invocation
     |
     = help: maybe it is overwritten before being read?
     = note: this warning originates in the macro `impl_choice_tuple` (in 
Nightly builds, run with -Z macro-backtrace for more info)

warning: value assigned to `furthest_pos` is never read
    --> src\lib.rs:1948:25
     |
1948 |                         furthest_pos = input.position;
     |                         ^^^^^^^^^^^^^^^^^^^^^^^^^^^^^
...
2035 | impl_choice_tuple!(0: P0, 1: P1, 2: P2, 3: P3, 4: P4, 5: P5, 6: P6, 
7: P7, 8: P8, 9: P9, 10: P10, 11: P11, 12: P12, 13: P13, 14: P14, 15: P15, 
16: P16);
     | ---------------------------------------------------------------------
----------------------------------------------------------------------------
------ in this macro invocation
     |
     = help: maybe it is overwritten before being read?
     = note: this warning originates in the macro `impl_choice_tuple` (in 
Nightly builds, run with -Z macro-backtrace for more info)

warning: value assigned to `furthest_pos` is never read
    --> src\lib.rs:1948:25
     |
1948 |                         furthest_pos = input.position;
     |                         ^^^^^^^^^^^^^^^^^^^^^^^^^^^^^
...
2036 | impl_choice_tuple!(0: P0, 1: P1, 2: P2, 3: P3, 4: P4, 5: P5, 6: P6, 
7: P7, 8: P8, 9: P9, 10: P10, 11: P11, 12: P12, 13: P13, 14: P14, 15: P15, 
16: P16, 17: P17);
     | ---------------------------------------------------------------------
----------------------------------------------------------------------------
--------------- in this macro invocation
     |
     = help: maybe it is overwritten before being read?
     = note: this warning originates in the macro `impl_choice_tuple` (in 
Nightly builds, run with -Z macro-backtrace for more info)

warning: value assigned to `furthest_pos` is never read
    --> src\lib.rs:1948:25
     |
1948 |                         furthest_pos = input.position;
     |                         ^^^^^^^^^^^^^^^^^^^^^^^^^^^^^
...
2037 | impl_choice_tuple!(0: P0, 1: P1, 2: P2, 3: P3, 4: P4, 5: P5, 6: P6, 
7: P7, 8: P8, 9: P9, 10: P10, 11: P11, 12: P12, 13: P13, 14: P14, 15: P15, 
16: P16, 17: P17, 18: P18);
     | ---------------------------------------------------------------------
----------------------------------------------------------------------------
------------------------ in this macro invocation
     |
     = help: maybe it is overwritten before being read?
     = note: this warning originates in the macro `impl_choice_tuple` (in 
Nightly builds, run with -Z macro-backtrace for more info)

warning: value assigned to `furthest_pos` is never read
    --> src\lib.rs:1948:25
     |
1948 |                         furthest_pos = input.position;
     |                         ^^^^^^^^^^^^^^^^^^^^^^^^^^^^^
...
2038 | impl_choice_tuple!(0: P0, 1: P1, 2: P2, 3: P3, 4: P4, 5: P5, 6: P6, 
7: P7, 8: P8, 9: P9, 10: P10, 11: P11, 12: P12, 13: P13, 14: P14, 15: P15, 
16: P16, 17: P17, 18: P18, 19: P19);
     | ---------------------------------------------------------------------
----------------------------------------------------------------------------
--------------------------------- in this macro invocation
     |
     = help: maybe it is overwritten before being read?
     = note: this warning originates in the macro `impl_choice_tuple` (in 
Nightly builds, run with -Z macro-backtrace for more info)

warning: value assigned to `furthest_pos` is never read
    --> src\lib.rs:1948:25
     |
1948 |                         furthest_pos = input.position;
     |                         ^^^^^^^^^^^^^^^^^^^^^^^^^^^^^
...
2039 | impl_choice_tuple!(0: P0, 1: P1, 2: P2, 3: P3, 4: P4, 5: P5, 6: P6, 
7: P7, 8: P8, 9: P9, 10: P10, 11: P11, 12: P12, 13: P13, 14: P14, 15: P15, 
16: P16, 17: P17, 18: P18, 19: P19, 20: P20);
     | ---------------------------------------------------------------------
----------------------------------------------------------------------------
------------------------------------------ in this macro invocation
     |
     = help: maybe it is overwritten before being read?
     = note: this warning originates in the macro `impl_choice_tuple` (in 
Nightly builds, run with -Z macro-backtrace for more info)

warning: value assigned to `furthest_pos` is never read
    --> src\lib.rs:1948:25
     |
1948 |                         furthest_pos = input.position;
     |                         ^^^^^^^^^^^^^^^^^^^^^^^^^^^^^
...
2040 | impl_choice_tuple!(0: P0, 1: P1, 2: P2, 3: P3, 4: P4, 5: P5, 6: P6, 
7: P7, 8: P8, 9: P9, 10: P10, 11: P11, 12: P12, 13: P13, 14: P14, 15: P15, 
16: P16, 17: P17, 18: P18, 19: P19, 20: P20, 21: P21);
     | ---------------------------------------------------------------------
----------------------------------------------------------------------------
--------------------------------------------------- in this macro invocation
     |
     = help: maybe it is overwritten before being read?
     = note: this warning originates in the macro `impl_choice_tuple` (in 
Nightly builds, run with -Z macro-backtrace for more info)

warning: value assigned to `furthest_pos` is never read
    --> src\lib.rs:1948:25
     |
1948 |                         furthest_pos = input.position;
     |                         ^^^^^^^^^^^^^^^^^^^^^^^^^^^^^
...
2041 | impl_choice_tuple!(0: P0, 1: P1, 2: P2, 3: P3, 4: P4, 5: P5, 6: P6, 
7: P7, 8: P8, 9: P9, 10: P10, 11: P11, 12: P12, 13: P13, 14: P14, 15: P15, 
16: P16, 17: P17, 18: P18, 19: P19, 20: P20, 21: P21, 22: P22);
     | ---------------------------------------------------------------------
----------------------------------------------------------------------------
------------------------------------------------------------ in this macro 
invocation
     |
     = help: maybe it is overwritten before being read?
     = note: this warning originates in the macro `impl_choice_tuple` (in 
Nightly builds, run with -Z macro-backtrace for more info)

warning: value assigned to `furthest_pos` is never read
    --> src\lib.rs:1948:25
     |
1948 |                         furthest_pos = input.position;
     |                         ^^^^^^^^^^^^^^^^^^^^^^^^^^^^^

running 0 tests

test result: ok. 0 passed; 0 failed; 0 ignored; 0 measured; 0 filtered out; finished in 0.00s


running 1 test
test choice_suggestion_tests::test_suggest_a_and_b ... ok

test result: ok. 1 passed; 0 failed; 0 ignored; 0 measured; 8 filtered out; finished in 0.00s

...
2042 | impl_choice_tuple!(0: P0, 1: P1, 2: P2, 3: P3, 4: P4, 5: P5, 6: P6, 
7: P7, 8: P8, 9: P9, 10: P10, 11: P11, 12: P12, 13: P13, 14: P14, 15: P15, 
16: P16, 17: P17, 18: P18, 19: P19, 20: P20, 21: P21, 22: P22, 23: P23);
     | ---------------------------------------------------------------------
----------------------------------------------------------------------------
--------------------------------------------------------------------- in 
this macro invocation
     |
     = help: maybe it is overwritten before being read?
     = note: this warning originates in the macro `impl_choice_tuple` (in 
Nightly builds, run with -Z macro-backtrace for more info)

warning: value assigned to `furthest_pos` is never read
    --> src\lib.rs:1948:25
     |
1948 |                         furthest_pos = input.position;
     |                         ^^^^^^^^^^^^^^^^^^^^^^^^^^^^^
...
2043 | impl_choice_tuple!(0: P0, 1: P1, 2: P2, 3: P3, 4: P4, 5: P5, 6: P6, 
7: P7, 8: P8, 9: P9, 10: P10, 11: P11, 12: P12, 13: P13, 14: P14, 15: P15, 
16: P16, 17: P17, 18: P18, 19: P19, 20: P20, 21: P21, 22: P22, 23: P23, 24: 
P24);
     | ---------------------------------------------------------------------
----------------------------------------------------------------------------
----------------------------------------------------------------------------
-- in this macro invocation
     |
     = help: maybe it is overwritten before being read?
     = note: this warning originates in the macro `impl_choice_tuple` (in 
Nightly builds, run with -Z macro-backtrace for more info)

warning: value assigned to `furthest_pos` is never read
    --> src\lib.rs:1948:25
     |
1948 |                         furthest_pos = input.position;
     |                         ^^^^^^^^^^^^^^^^^^^^^^^^^^^^^
...
2044 | impl_choice_tuple!(0: P0, 1: P1, 2: P2, 3: P3, 4: P4, 5: P5, 6: P6, 
7: P7, 8: P8, 9: P9, 10: P10, 11: P11, 12: P12, 13: P13, 14: P14, 15: P15, 
16: P16, 17: P17, 18: P18, 19: P19, 20: P20, 21: P21, 22: P22, 23: P23, 24: 
P24, 25: P25);
     | ---------------------------------------------------------------------
----------------------------------------------------------------------------
----------------------------------------------------------------------------
----------- in this macro invocation
     |
     = help: maybe it is overwritten before being read?
     = note: this warning originates in the macro `impl_choice_tuple` (in 
Nightly builds, run with -Z macro-backtrace for more info)

warning: `parser-rs` (lib) generated 26 warnings
warning: unused import: `char`
 --> src\main.rs:1:54
  |
1 | use parser_rs::{FnParser, SemanticTokenKind, Stream, char, choice, 
suggest_literal};
  |                                                      ^^^^
  |
  = note: `#[warn(unused_imports)]` (part of `#[warn(unused)]`) on by 
default

warning: unused imports: `Expectation` and `Suggestion`
  --> src\main.rs:31:9
   |
31 |         Expectation, FnParser, SemanticToken, SemanticTokenKind, 
Stream, Suggestion, choice,
   |         ^^^^^^^^^^^                                                    
  ^^^^^^^^^^

warning: `parser-rs` (bin "parser-rs" test) generated 2 warnings (run 
`cargo fix --bin "parser-rs" -p parser-rs --tests` to apply 2 suggestions)
warning: `parser-rs` (lib test) generated 26 warnings (26 duplicates)
    Finished `test` profile [unoptimized + debuginfo] target(s) in 0.17s
     Running unittests src\lib.rs 
(target\debug\deps\parser_rs-30008877bad87486.exe)
     Running unittests src\main.rs 
(target\debug\deps\parser_rs-1f066638188e778b.exe)
